[?25l[?2004h╭─────────────────────╮╭───────────────────╮╭────────────────────╮╭────────────────╮╭───────────────────────────╮╭─────────╮╭─────────╮                                                                 
│ ComponentDefinition ││ AssessmentResults ││ SystemSecurityPlan ││ AssessmentPlan ││ PlanOfActionAndMilestones ││ Catalog ││ Profile │                                                                 
┘                     └┴───────────────────┴┴────────────────────┴┴────────────────┴┴───────────────────────────┴┴─────────┴┴─────────┴─────────────────────────────────────────────────────────────────
                                                                                                                                                                   ←/h, →/l navigation • ? toggle help
                      ╭────────────────────────────────────────╮                    ╭────────────────────────────────────────╮                                                                        
   Selected Component │lula - A9D5204C-7E5B-4C43-BD49-34DF759B…│ Selected Framework │https://github.com/defenseunicorns/lula │                                                                        
                      ╰────────────────────────────────────────╯                    ╰────────────────────────────────────────╯                                                                        
  ╭───────────────╮                               ╭─────────╮                                                                                                                                         
  │ Controls List ├─────────────────────────────╮ │ Remarks ├─────────────────────────────────────────────────────────────────────────────────────────────────────────────────────────────────────╮   
  ╰───────────────╯                               ╰─────────╯                                                                                                                                         
   │                                            │  │                                                                                                                                              │   
   │   1 item                                   │  │                                                                                                                                              │   
   │                                            │  │                                                                                                                                              │   
   │   ID-1                                     │  │                                                                                                                                              │   
   │   42C2FFDC-5F05-44DF-A67F-EEC8660AEFFD     │  │                                                                                                                                              │   
   │                                            │  │                                                                                                                                              │   
   │                                            │  │                                                                                                                                              │   
   │                                            │  │                                                                                                                                              │   
   │                                            │  │                                                                                                                                              │   
   │                                            │  ╰──────────────────────────────────────────────────────────────────────────────────────────────────────────────────────────────────────────────╯   
   │                                            │ ╭─────────────╮                                                                                                                                     
   │                                            │ │ Description ├─────────────────────────────────────────────────────────────────────────────────────────────────────────────────────────────────╮   
   │                                            │ ╰─────────────╯                                                                                                                                     
   │                                            │  │                                                                                                                                              │   
   │                                            │  │                                                                                                                                              │   
   │                                            │  │                                                                                                                                              │   
   │                                            │  │                                                                                                                                              │   
   │                                            │  │                                                                                                                                              │   
   │                                            │  │                                                                                                                                              │   
   │                                            │  │                                                                                                                                              │   
   │                                            │  │                                                                                                                                              │   
   │                                            │  │                                                                                                                                              │   
   │                                            │  ╰──────────────────────────────────────────────────────────────────────────────────────────────────────────────────────────────────────────────╯   
   │                                            │ ╭─────────────╮                                                                                                                                     
   │                                            │ │ Validations ├─────────────────────────────────────────────────────────────────────────────────────────────────────────────────────────────────╮   
   │                                            │ ╰─────────────╯                                                                                                                                     
   │                                            │  │                                                                                                                                              │   
   │                                            │  │   No items                                                                                                                                   │   
   │                                            │  │                                                                                                                                              │   
   │                                            │  │ No items.                                                                                                                                    │   
   │                                            │  │                                                                                                                                              │   
   │                                            │  │                                                                                                                                              │   
   │                                            │  │                                                                                                                                              │   
   │                                            │  │                                                                                                                                              │   
   │                                            │  │                                                                                                                                              │   
   │                                            │  │                                                                                                                                              │   
   │                                            │  │                                                                                                                                              │   
   │                                            │  │                                                                                                                                              │   
   │                                            │  │                                                                                                                                              │   
   │                                            │  │                                                                                                                                              │   
   │                                            │  │                                                                                                                                              │   
   │                                            │  │                                                                                                                                              │   
   │                                            │  │                                                                                                                                              │   
   │                                            │  │                                                                                                                                              │   
   │                                            │  │                                                                                                                                              │   
   │                                            │  │                                                                                                                                              │   
   │                                            │  │                                                                                                                                              │   
   │   enter select • ? toggle help             │  │   enter select • ? toggle help                                                                                                               │   
   ╰────────────────────────────────────────────╯  ╰──────────────────────────────────────────────────────────────────────────────────────────────────────────────────────────────────────────────╯   [200D[A[2K[A[A[A[A[A[A[A[A[A[A[A[A[A[A[A[A[A[A[2K[A[A[2K[A[A[A[A[A[A[A[A[A[A[A[2K[A[2K[A[2K[A[2K[A[A[A[A[A[A[A[A[A[2K[A[2K[A[A[A[2K[A[A[A[A[A[A[A[A[A[A[200D[2K╭─────────────────────╮╭───────────────────╮╭────────────────────╮╭────────────────╮╭───────────────────────────╮╭─────────╮╭─────────╮                                                                 
[B[B[B[B[B[B[B[B[B   │                                            │  │ Here are some remarks about this control.                                                                                                    │   
[B[B   │ │ ID-1                                     │  │                                                                                                                                              │   
   │ │ 42C2FFDC-5F05-44DF-A67F-EEC8660AEFFD     │  │                                                                                                                                              │   
[B[B[B[B[B[B[B[B   │                                            │  │ Lorem ipsum dolor sit amet, consectetur adipiscing elit, sed do eiusmod tempor incididunt ut labore et dolore magna aliqua. Ut enim ad minim │   
   │                                            │  │ veniam,  quis nostrud exercitation ullamco laboris nisi ut aliquip ex ea commodo consequat. Duis aute irure dolor in reprehenderit in        │   
   │                                            │  │ voluptate velit esse cillum  dolore eu fugiat nulla pariatur. Excepteur sint occaecat cupidatat non proident, sunt in culpa qui officia      │   
   │                                            │  │ deserunt mollit anim id est laborum.                                                                                                         │   
[B[B[B[B[B[B[B[B[B[B   │                                            │  │   1 item                                                                                                                                     │   
[B   │                                            │  │   Validate pods with label foo=bar                                                                                                           │   
[B[B[B[B[B[B[B[B[B[B[B[B[B[B[B[B[B   │   ↑/k up • ↓/j down • enter select • ?     │  │   enter select • ? toggle help                                                                                                               │   
[200D[2K[?2004l[?25h[?1002l[?1003l[?1006l