╭─────────────────────╮╭───────────────────╮╭────────────────────╮╭────────────────╮╭───────────────────────────╮╭─────────╮╭─────────╮                                                                 
│ ComponentDefinition ││ AssessmentResults ││ SystemSecurityPlan ││ AssessmentPlan ││ PlanOfActionAndMilestones ││ Catalog ││ Profile │                                                                 
┴─────────────────────┴┘                   └┴────────────────────┴┴────────────────┴┴───────────────────────────┴┴─────────┴┴─────────┴─────────────────────────────────────────────────────────────────
                                                                                                                                                               v validate • e evaluate • ? toggle help
                   ╭────────────────────────────────────────╮                ╭────────────────────────────────────────╮                                                                               
   Selected Result │Lula Validation Result - 41787700-2a4c-…│ Compare Result │No Result Selected                      │                                                                               
                   ╰────────────────────────────────────────╯                ╰────────────────────────────────────────╯                                                                               
  ╭───────────────╮                               ╭─────────╮                                                                                                                                         
  │ Findings List ├─────────────────────────────╮ │ Summary ├─────────────────────────────────────────────────────────────────────────────────────────────────────────────────────────────────────╮   
  ╰───────────────╯                               ╰─────────╯                                                                                                                                         
   │                                            │  │ ⚠️ Summary Under Construction ⚠️                                                                                                             │   
   │   1 item                                   │  │                                                                                                                                              │   
   │                                            │  │                                                                                                                                              │   
   │   ID-1                                     │  │                                                                                                                                              │   
   │   not-satisfied                            │  │                                                                                                                                              │   
   │                                            │  │                                                                                                                                              │   
   │                                            │  │                                                                                                                                              │   
   │                                            │  │                                                                                                                                              │   
   │                                            │  │                                                                                                                                              │   
   │                                            │  │                                                                                                                                              │   
   │                                            │  │                                                                                                                                              │   
   │                                            │  │                                                                                                                                              │   
   │                                            │  │                                                                                                                                              │   
   │                                            │  │                                                                                                                                              │   
   │                                            │  │                                                                                                                                              │   
   │                                            │  │                                                                                                                                              │   
   │                                            │  │                                                                                                                                              │   
   │                                            │  │                                                                                                                                              │   
   │                                            │  │                                                                                                                                              │   
   │                                            │  │                                                                                                                                              │   
   │                                            │  │                                                                                                                                              │   
   │                                            │  │                                                                                                                                              │   
   │                                            │  ╰──────────────────────────────────────────────────────────────────────────────────────────────────────────────────────────────────────────────╯   
   │                                            │ ╭──────────────╮                                                                                                                                    
   │                                            │ │ Observations ├────────────────────────────────────────────────────────────────────────────────────────────────────────────────────────────────╮   
   │                                            │ ╰──────────────╯                                                                                                                                    
   │                                            │  │ ⚠️ Observations Under Construction ⚠️                                                                                                        │   
   │                                            │  │                                                                                                                                              │   
   │                                            │  │                                                                                                                                              │   
   │                                            │  │                                                                                                                                              │   
   │                                            │  │                                                                                                                                              │   
   │                                            │  │                                                                                                                                              │   
   │                                            │  │                                                                                                                                              │   
   │                                            │  │                                                                                                                                              │   
   │                                            │  │                                                                                                                                              │   
   │                                            │  │                                                                                                                                              │   
   │                                            │  │                                                                                                                                              │   
   │                                            │  │                                                                                                                                              │   
   │                                            │  │                                                                                                                                              │   
   │                                            │  │                                                                                                                                              │   
   │                                            │  │                                                                                                                                              │   
   │                                            │  │                                                                                                                                              │   
   │                                            │  │                                                                                                                                              │   
   │                                            │  │                                                                                                                                              │   
   │                                            │  │                                                                                                                                              │   
   │                                            │  │                                                                                                                                              │   
   │                                            │  │                                                                                                                                              │   
   │   ↑/k up • ↓/j down • enter select • ?     │  │                                                                                                                                              │   
   ╰────────────────────────────────────────────╯  ╰──────────────────────────────────────────────────────────────────────────────────────────────────────────────────────────────────────────────╯   