                                                                                                                                   ↳ select • ↑/k move up • ↓/j move down • / filter • ? toggle help
                    ╭────────────────────────────────────────╮                    ╭────────────────────────────────────────╮                                                                        
 Selected Component │Component B - 4cb1810c-d0d8-404e-b346-5…│ Selected Framework │https://raw.githubusercontent.com/usnis…│                                                                        
                    ╰────────────────────────────────────────╯                    ╰────────────────────────────────────────╯                                                                        
╭───────────────╮                               ╭─────────╮                                                                                                                                         
│ Controls List ├─────────────────────────────╮ │ Remarks ├─────────────────────────────────────────────────────────────────────────────────────────────────────────────────────────────────────╮   
╰───────────────╯                               ╰─────────╯                                                                                                                                         
 │                                            │  │ STATEMENT:                                                                                                                                   │   
 │   3 items                                  │  │ The information system enforces approved authorizations for controlling the flow of information within the system and between interconnected │   
 │                                            │  │ systems based on [Assignment: organization-defined organization-defined information flow control policies].                                  │   
 │ │ ac-4                                     │  │                                                                                                                                              │   
 │ │ ea9f3b4d-64c2-4631-ace5-55428552f9aa     │  │                                                                                                                                              │   
 │                                            │  │                                                                                                                                              │   
 │   ac-5                                     │  │                                                                                                                                              │   
 │   1976b301-115f-48a4-b847-3374aa3b98d5     │  │                                                                                                                                              │   
 │                                            │  │                                                                                                                                              │   
 │   ac-6                                     │  ╰──────────────────────────────────────────────────────────────────────────────────────────────────────────────────────────────────────────────╯   
 │   be129429-290b-4516-9390-f4d38067fbd0     │ ╭─────────────╮                                                                                                                                     
 │                                            │ │ Description ├─────────────────────────────────────────────────────────────────────────────────────────────────────────────────────────────────╮   
 │                                            │ ╰─────────────╯                                                                                                                                     
 │                                            │  │ <how the specified control may be implemented if the containing component or capability is instantiated in a system security plan>           │   
 │                                            │  │                                                                                                                                              │   
 │                                            │  │                                                                                                                                              │   
 │                                            │  │                                                                                                                                              │   
 │                                            │  │                                                                                                                                              │   
 │                                            │  │                                                                                                                                              │   
 │                                            │  │                                                                                                                                              │   
 │                                            │  │                                                                                                                                              │   
 │                                            │  │                                                                                                                                              │   
 │                                            │  ╰──────────────────────────────────────────────────────────────────────────────────────────────────────────────────────────────────────────────╯   
 │                                            │ ╭─────────────╮                                                                                                                                     
 │                                            │ │ Validations ├─────────────────────────────────────────────────────────────────────────────────────────────────────────────────────────────────╮   
 │                                            │ ╰─────────────╯                                                                                                                                     
 │                                            │  │                                                                                                                                              │   
 │                                            │  │   No items                                                                                                                                   │   
 │                                            │  │                                                                                                                                              │   
 │                                            │  │ No items.                                                                                                                                    │   
 │                                            │  │                                                                                                                                              │   
 │                                            │  │                                                                                                                                              │   
 │                                            │  │                                                                                                                                              │   
 │                                            │  │                                                                                                                                              │   
 │                                            │  │                                                                                                                                              │   
 │                                            │  │                                                                                                                                              │   
 │                                            │  │                                                                                                                                              │   
 │                                            │  │                                                                                                                                              │   
 │                                            │  │                                                                                                                                              │   
 │                                            │  │                                                                                                                                              │   
 │                                            │  │                                                                                                                                              │   
 │                                            │  │                                                                                                                                              │   
 │                                            │  │                                                                                                                                              │   
 │                                            │  │                                                                                                                                              │   
 │                                            │  │                                                                                                                                              │   
 │                                            │  │                                                                                                                                              │   
 │                                            │  │                                                                                                                                              │   
 │                                            │  │                                                                                                                                              │   
 ╰────────────────────────────────────────────╯  ╰──────────────────────────────────────────────────────────────────────────────────────────────────────────────────────────────────────────────╯   