metadata:
  name: Test validation with templating
  uuid: 99fc662c-109a-4e26-8398-75f3db67f862
domain:
  type: kubernetes
  kubernetes-spec:
    resources:
      - name: podvt
        resource-rule:
          name: test-pod-label
          version: v1
          resource: pods
          namespaces: [validation-test]
provider:
  type: opa
  opa-spec:
    rego: |
      package validate
      import rego.v1

      # Default values
      default validate := false
      default msg := "Not evaluated"

      # Validation result
      validate if {
        { "one", "two", "three" } == { "one", "two", "three" }
        "this-should-be-overridden" == "my-env-var"
        "{{ .var.some_lula_secret }}" == "********"
      }
      msg = validate.msg

      value_of_my_secret := {{ .var.some_lula_secret }}